exports[`test marks a friend contacted 1`] = `
Array [
  Object {
    "friend": Object {
      "familyName": "Copernicus",
      "givenName": "Nicolaus",
      "helloAgainID": "nicolaus-copernicus-b594",
      "recordID": 1,
    },
    "type": "MARK_AS_CONTACTED",
  },
]
`;
